// Jest Snapshot v1, https://goo.gl/fbAQLP

exports[`RecordEditor renders correctly for new data 1`] = `
<form
  onSubmit={[Function]}
>
  <div />
  <button
    className="secondary"
    type="button"
  >
    Cancel
  </button>
  <button
    className="primary"
    type="submit"
  >
    Save
  </button>
</form>
`;
